state	methylated	unmethylated	label
E1	0.9777771135813274	0.8760346983832376	IM
E2	0.3618847947408541	2.0306017451963748e-10	M
E3	0.0335558475139614	0.0275932757083513	U
E4	0.0	0.0	ND
