State (Emission order)	methylated	unmethylated
1	0.9777771135813274	0.8760346983832376
2	0.36188479474085417	2.0306017451963748E-10
3	0.03355584751396149	0.02759327570835137
4	0.0	0.0
