State (from\to) (Emission order)	1	2	3	4
1	0.19283244350032896	0.5805741678645727	0.22659338863509826	0.0
2	0.1409277552575457	0.7710474205257487	0.08799220541221894	3.261880448660888E-5
3	0.11680286312642986	0.1851324293273472	0.698064707546223	0.0
4	3.934106960730325E-6	5.309323984052374E-6	0.0	0.9999907565690552
