sample	chrm	CGn	CGb	CHGn	CHGb	CHHn	CHHb	CHn	CHb
/home/bronte/opt/jrc_seeker/sample_data/sample_data.bam	chr20	241462	81.369%	1272462	0.568%	4455105	0.648%	4455105	0.631%
/home/bronte/opt/jrc_seeker/sample_data/sample_data.bam	WholeGenome	241462	81.369%	1272462	0.568%	4455105	0.648%	4455105	0.631%
